-- 1. the door, on top of a fake redis --------------------------------
OK   the login view loads against the stand ins                     
OK   one lock per visitor, not one per subdomain                    watashi:door:9.9.9.9
OK   the key is the visitor and nothing else                        watashi:door:9.9.9.9
OK   the visitor behind cloudflare is read from the header          
OK   an untouched door is open                                      
OK   two wrong keys still let you knock                             
OK   the third wrong key shuts it for ten minutes                   599
OK   the shut door wrote a line in the log                          watashi door: watashi:door:9.9.9.9 shut for 600 seconds afte
OK   the lock is a deadline, not a key lifetime                     ['1787835664']
OK   knocking while shut cannot push the deadline further           ['1787835664']
OK   and the wait never grows past the ceiling                      599
OK   a runaway deadline is served capped                            600
OK   an unreadable deadline opens the door                          
OK   and the bad key is thrown away                                 
OK   a deadline already past opens the door                         
OK   the right password clears every trace, old shape too           []
OK   the door says how long is left                                 login.locked.flash 2:05
OK   and under a minute reads as seconds                            login.locked.flash 0:07
-- 2. what a shut door answers ---------------------------------------
OK   a single wrong key is still a plain 401                        401
OK   and it carries no waiting time                                 
OK   the shut door answers with a page, not 429                     200
OK   and tells the client how long to wait                          599
OK   the waiting time is inside the ceiling                         
OK   the page knows the door is shut                                
OK   and hands the countdown a number                               599
OK   the visitor is told in words as well                           [('login.locked.flash 9:59', 'danger')]
OK   knocking again keeps getting the page                          
OK   a plain visit sees the same countdown                          599
OK   an open door draws no clock                                    
OK   no 429 is left anywhere in the entrance                        
-- 3. the page itself -------------------------------------------------
OK   the broken button tag is gone                                  
OK   the page renders in both states                                47705 and 47542 bytes
OK   the shut page closes the button tag properly                   
OK   the open page closes the button tag too                        
OK   no stray brace is left inside a tag                            
OK   the shut page carries one clock                                
OK   the clock starts from the seconds left                         
OK   and from zero when the door is open                            
OK   the open page leaves the button alive                          
OK   the countdown gives the button back at zero                    
-- 4. why a subscription came out empty -------------------------------
OK   an empty dns answer is no longer a duplicate                   
OK   the reasons are collected                                      
OK   every rejected proxy leaves its reason                         
OK   an empty link complains into the log                           
OK   the old expression really did drop everything here             old=True new=False
OK   and a real duplicate is still skipped                          
-- 5. the two new hands in the panel cli -----------------------------
OK   sub-doctor is registered                                       
OK   unlock-login is registered                                     
OK   unlock-login clears only door keys                             
OK   the doctor works inside a request, like the real link          
OK   the doctor prints the count and the reasons                    
OK   the doctor names the missing switch keys                       
OK   --fix writes the safe defaults once                            
OK   the heal list touches nothing that needs a service             'vless_enable', 'vmess_enable', 'trojan_enable', 'ws_enable'
OK   but it does cover what a working panel needs                   
-- 6. the files themselves -------------------------------------------
OK   changed against its backup: login.py                           13945 -> 16475 bytes
OK   still a windows file: login.py                                 
OK   changed against its backup: login.html                         49216 -> 49405 bytes
OK   still a windows file: login.html                               
OK   changed against its backup: shared.py                          29973 -> 31899 bytes
OK   still a windows file: shared.py                                
OK   changed against its backup: cli.py                             12955 -> 17176 bytes
OK   still a windows file: cli.py                                   
OK   python still parses: login.py                                  
OK   python still parses: shared.py                                 
OK   python still parses: cli.py                                    
FAILURES: 0 []
